1762408212.623313 client started (17304): version 3.5a, socket /tmp/tmux-1000/default, protocol 8
1762408212.623331 on Linux 6.17.7-200.fc42.x86_64 #1 SMP PREEMPT_DYNAMIC Sun Nov  2 17:43:34 UTC 2025
1762408212.623341 using libevent 2.1.12-stable poll
1762408212.623346 using ncurses 6.5 20240629
1762408212.623363 flags are 0x18010000
1762408212.623374 socket is /tmp/tmux-1000/default
1762408212.623391 trying connect
1762408212.623417 connect failed: No such file or directory
1762408212.623427 lock file is /tmp/tmux-1000/default.lock
1762408212.623446 flock succeeded
1762408212.623452 got lock (6)
1762408212.623463 trying connect
1762408212.623473 connect failed: No such file or directory
1762408212.623654 add peer 0x556d46090680: 7 ((nil))
1762408212.623977 sending message 111 to peer 0x556d46090680 (8 bytes)
1762408212.623985 sending message 111 to peer 0x556d46090680 (8 bytes)
1762408212.623990 sending message 101 to peer 0x556d46090680 (15 bytes)
1762408212.623996 sending message 109 to peer 0x556d46090680 (4 bytes)
1762408212.624001 sending message 102 to peer 0x556d46090680 (11 bytes)
1762408212.624006 sending message 108 to peer 0x556d46090680 (28 bytes)
1762408212.624010 sending message 112 to peer 0x556d46090680 (58 bytes)
1762408212.624015 sending message 112 to peer 0x556d46090680 (5 bytes)
1762408212.624020 sending message 112 to peer 0x556d46090680 (5 bytes)
1762408212.624025 sending message 112 to peer 0x556d46090680 (6 bytes)
1762408212.624030 sending message 112 to peer 0x556d46090680 (6 bytes)
1762408212.624035 sending message 112 to peer 0x556d46090680 (11 bytes)
1762408212.624039 sending message 112 to peer 0x556d46090680 (10 bytes)
1762408212.624045 sending message 112 to peer 0x556d46090680 (13 bytes)
1762408212.624050 sending message 112 to peer 0x556d46090680 (14 bytes)
1762408212.624054 sending message 112 to peer 0x556d46090680 (19 bytes)
1762408212.624059 sending message 112 to peer 0x556d46090680 (11 bytes)
1762408212.624063 sending message 112 to peer 0x556d46090680 (10 bytes)
1762408212.624069 sending message 112 to peer 0x556d46090680 (15 bytes)
1762408212.624074 sending message 112 to peer 0x556d46090680 (21 bytes)
1762408212.624078 sending message 112 to peer 0x556d46090680 (13 bytes)
1762408212.624083 sending message 112 to peer 0x556d46090680 (7 bytes)
1762408212.624088 sending message 112 to peer 0x556d46090680 (13 bytes)
1762408212.624092 sending message 112 to peer 0x556d46090680 (7 bytes)
1762408212.624098 sending message 112 to peer 0x556d46090680 (13 bytes)
1762408212.624102 sending message 112 to peer 0x556d46090680 (9 bytes)
1762408212.624107 sending message 112 to peer 0x556d46090680 (21 bytes)
1762408212.624112 sending message 112 to peer 0x556d46090680 (13 bytes)
1762408212.624117 sending message 112 to peer 0x556d46090680 (9 bytes)
1762408212.624122 sending message 112 to peer 0x556d46090680 (16 bytes)
1762408212.624127 sending message 112 to peer 0x556d46090680 (13 bytes)
1762408212.624132 sending message 112 to peer 0x556d46090680 (9 bytes)
1762408212.624136 sending message 112 to peer 0x556d46090680 (9 bytes)
1762408212.624140 sending message 112 to peer 0x556d46090680 (12 bytes)
1762408212.624145 sending message 112 to peer 0x556d46090680 (8 bytes)
1762408212.624150 sending message 112 to peer 0x556d46090680 (8 bytes)
1762408212.624155 sending message 112 to peer 0x556d46090680 (13 bytes)
1762408212.624160 sending message 112 to peer 0x556d46090680 (7 bytes)
1762408212.624164 sending message 112 to peer 0x556d46090680 (7 bytes)
1762408212.624168 sending message 112 to peer 0x556d46090680 (9 bytes)
1762408212.624173 sending message 112 to peer 0x556d46090680 (9 bytes)
1762408212.624177 sending message 112 to peer 0x556d46090680 (15 bytes)
1762408212.624181 sending message 112 to peer 0x556d46090680 (13 bytes)
1762408212.624186 sending message 112 to peer 0x556d46090680 (12 bytes)
1762408212.624190 sending message 112 to peer 0x556d46090680 (8 bytes)
1762408212.624195 sending message 112 to peer 0x556d46090680 (14 bytes)
1762408212.624200 sending message 112 to peer 0x556d46090680 (11 bytes)
1762408212.624210 sending message 112 to peer 0x556d46090680 (9 bytes)
1762408212.624218 sending message 112 to peer 0x556d46090680 (10 bytes)
1762408212.624223 sending message 112 to peer 0x556d46090680 (10 bytes)
1762408212.624228 sending message 112 to peer 0x556d46090680 (10 bytes)
1762408212.624233 sending message 112 to peer 0x556d46090680 (10 bytes)
1762408212.624238 sending message 112 to peer 0x556d46090680 (11 bytes)
1762408212.624243 sending message 112 to peer 0x556d46090680 (12 bytes)
1762408212.624248 sending message 112 to peer 0x556d46090680 (12 bytes)
1762408212.624252 sending message 112 to peer 0x556d46090680 (12 bytes)
1762408212.624258 sending message 112 to peer 0x556d46090680 (12 bytes)
1762408212.624262 sending message 112 to peer 0x556d46090680 (12 bytes)
1762408212.624267 sending message 112 to peer 0x556d46090680 (11 bytes)
1762408212.624272 sending message 112 to peer 0x556d46090680 (11 bytes)
1762408212.624277 sending message 112 to peer 0x556d46090680 (12 bytes)
1762408212.624282 sending message 112 to peer 0x556d46090680 (12 bytes)
1762408212.624288 sending message 112 to peer 0x556d46090680 (12 bytes)
1762408212.624292 sending message 112 to peer 0x556d46090680 (12 bytes)
1762408212.624297 sending message 112 to peer 0x556d46090680 (12 bytes)
1762408212.624301 sending message 112 to peer 0x556d46090680 (9 bytes)
1762408212.624306 sending message 112 to peer 0x556d46090680 (12 bytes)
1762408212.624311 sending message 112 to peer 0x556d46090680 (13 bytes)
1762408212.624315 sending message 112 to peer 0x556d46090680 (13 bytes)
1762408212.624320 sending message 112 to peer 0x556d46090680 (13 bytes)
1762408212.624325 sending message 112 to peer 0x556d46090680 (13 bytes)
1762408212.624330 sending message 112 to peer 0x556d46090680 (13 bytes)
1762408212.624335 sending message 112 to peer 0x556d46090680 (8 bytes)
1762408212.624340 sending message 112 to peer 0x556d46090680 (11 bytes)
1762408212.624344 sending message 112 to peer 0x556d46090680 (11 bytes)
1762408212.624349 sending message 112 to peer 0x556d46090680 (11 bytes)
1762408212.624353 sending message 112 to peer 0x556d46090680 (12 bytes)
1762408212.624358 sending message 112 to peer 0x556d46090680 (12 bytes)
1762408212.624362 sending message 112 to peer 0x556d46090680 (12 bytes)
1762408212.624367 sending message 112 to peer 0x556d46090680 (12 bytes)
1762408212.624372 sending message 112 to peer 0x556d46090680 (13 bytes)
1762408212.624377 sending message 112 to peer 0x556d46090680 (13 bytes)
1762408212.624382 sending message 112 to peer 0x556d46090680 (13 bytes)
1762408212.624386 sending message 112 to peer 0x556d46090680 (8 bytes)
1762408212.624391 sending message 112 to peer 0x556d46090680 (13 bytes)
1762408212.624396 sending message 112 to peer 0x556d46090680 (13 bytes)
1762408212.624402 sending message 112 to peer 0x556d46090680 (13 bytes)
1762408212.624407 sending message 112 to peer 0x556d46090680 (13 bytes)
1762408212.624412 sending message 112 to peer 0x556d46090680 (13 bytes)
1762408212.624417 sending message 112 to peer 0x556d46090680 (12 bytes)
1762408212.624422 sending message 112 to peer 0x556d46090680 (12 bytes)
1762408212.624426 sending message 112 to peer 0x556d46090680 (12 bytes)
1762408212.624432 sending message 112 to peer 0x556d46090680 (12 bytes)
1762408212.624436 sending message 112 to peer 0x556d46090680 (13 bytes)
1762408212.624442 sending message 112 to peer 0x556d46090680 (8 bytes)
1762408212.624447 sending message 112 to peer 0x556d46090680 (13 bytes)
1762408212.624452 sending message 112 to peer 0x556d46090680 (13 bytes)
1762408212.624457 sending message 112 to peer 0x556d46090680 (13 bytes)
1762408212.624461 sending message 112 to peer 0x556d46090680 (13 bytes)
1762408212.624466 sending message 112 to peer 0x556d46090680 (13 bytes)
1762408212.624471 sending message 112 to peer 0x556d46090680 (13 bytes)
1762408212.624476 sending message 112 to peer 0x556d46090680 (13 bytes)
1762408212.624481 sending message 112 to peer 0x556d46090680 (12 bytes)
1762408212.624486 sending message 112 to peer 0x556d46090680 (12 bytes)
1762408212.624495 sending message 112 to peer 0x556d46090680 (12 bytes)
1762408212.624501 sending message 112 to peer 0x556d46090680 (8 bytes)
1762408212.624506 sending message 112 to peer 0x556d46090680 (12 bytes)
1762408212.624511 sending message 112 to peer 0x556d46090680 (13 bytes)
1762408212.624516 sending message 112 to peer 0x556d46090680 (13 bytes)
1762408212.624520 sending message 112 to peer 0x556d46090680 (13 bytes)
1762408212.624526 sending message 112 to peer 0x556d46090680 (13 bytes)
1762408212.624530 sending message 112 to peer 0x556d46090680 (13 bytes)
1762408212.624534 sending message 112 to peer 0x556d46090680 (13 bytes)
1762408212.624539 sending message 112 to peer 0x556d46090680 (13 bytes)
1762408212.624544 sending message 112 to peer 0x556d46090680 (13 bytes)
1762408212.624548 sending message 112 to peer 0x556d46090680 (12 bytes)
1762408212.624554 sending message 112 to peer 0x556d46090680 (10 bytes)
1762408212.624559 sending message 112 to peer 0x556d46090680 (12 bytes)
1762408212.624564 sending message 112 to peer 0x556d46090680 (12 bytes)
1762408212.624569 sending message 112 to peer 0x556d46090680 (12 bytes)
1762408212.624574 sending message 112 to peer 0x556d46090680 (13 bytes)
1762408212.624579 sending message 112 to peer 0x556d46090680 (13 bytes)
1762408212.624584 sending message 112 to peer 0x556d46090680 (13 bytes)
1762408212.624588 sending message 112 to peer 0x556d46090680 (13 bytes)
1762408212.624593 sending message 112 to peer 0x556d46090680 (13 bytes)
1762408212.624598 sending message 112 to peer 0x556d46090680 (13 bytes)
1762408212.624602 sending message 112 to peer 0x556d46090680 (13 bytes)
1762408212.624608 sending message 112 to peer 0x556d46090680 (10 bytes)
1762408212.624612 sending message 112 to peer 0x556d46090680 (13 bytes)
1762408212.624616 sending message 112 to peer 0x556d46090680 (12 bytes)
1762408212.624620 sending message 112 to peer 0x556d46090680 (12 bytes)
1762408212.624626 sending message 112 to peer 0x556d46090680 (12 bytes)
1762408212.624631 sending message 112 to peer 0x556d46090680 (10 bytes)
1762408212.624636 sending message 112 to peer 0x556d46090680 (10 bytes)
1762408212.624641 sending message 112 to peer 0x556d46090680 (10 bytes)
1762408212.624645 sending message 112 to peer 0x556d46090680 (12 bytes)
1762408212.624651 sending message 112 to peer 0x556d46090680 (13 bytes)
1762408212.624655 sending message 112 to peer 0x556d46090680 (13 bytes)
1762408212.624661 sending message 112 to peer 0x556d46090680 (13 bytes)
1762408212.624665 sending message 112 to peer 0x556d46090680 (13 bytes)
1762408212.624671 sending message 112 to peer 0x556d46090680 (13 bytes)
1762408212.624675 sending message 112 to peer 0x556d46090680 (10 bytes)
1762408212.624680 sending message 112 to peer 0x556d46090680 (11 bytes)
1762408212.624684 sending message 112 to peer 0x556d46090680 (12 bytes)
1762408212.624689 sending message 112 to peer 0x556d46090680 (12 bytes)
1762408212.624694 sending message 112 to peer 0x556d46090680 (12 bytes)
1762408212.624699 sending message 112 to peer 0x556d46090680 (12 bytes)
1762408212.624704 sending message 112 to peer 0x556d46090680 (12 bytes)
1762408212.624709 sending message 112 to peer 0x556d46090680 (11 bytes)
1762408212.624714 sending message 112 to peer 0x556d46090680 (12 bytes)
1762408212.624719 sending message 112 to peer 0x556d46090680 (12 bytes)
1762408212.624724 sending message 112 to peer 0x556d46090680 (13 bytes)
1762408212.624729 sending message 112 to peer 0x556d46090680 (13 bytes)
1762408212.624734 sending message 112 to peer 0x556d46090680 (13 bytes)
1762408212.624739 sending message 112 to peer 0x556d46090680 (13 bytes)
1762408212.624744 sending message 112 to peer 0x556d46090680 (13 bytes)
1762408212.624749 sending message 112 to peer 0x556d46090680 (10 bytes)
1762408212.624754 sending message 112 to peer 0x556d46090680 (9 bytes)
1762408212.624759 sending message 112 to peer 0x556d46090680 (12 bytes)
1762408212.624764 sending message 112 to peer 0x556d46090680 (13 bytes)
1762408212.624769 sending message 112 to peer 0x556d46090680 (13 bytes)
1762408212.624777 sending message 112 to peer 0x556d46090680 (13 bytes)
1762408212.624784 sending message 112 to peer 0x556d46090680 (13 bytes)
1762408212.624789 sending message 112 to peer 0x556d46090680 (13 bytes)
1762408212.624794 sending message 112 to peer 0x556d46090680 (9 bytes)
1762408212.624807 sending message 112 to peer 0x556d46090680 (12 bytes)
1762408212.624811 sending message 112 to peer 0x556d46090680 (13 bytes)
1762408212.624817 sending message 112 to peer 0x556d46090680 (13 bytes)
1762408212.624821 sending message 112 to peer 0x556d46090680 (13 bytes)
1762408212.624827 sending message 112 to peer 0x556d46090680 (13 bytes)
1762408212.624831 sending message 112 to peer 0x556d46090680 (13 bytes)
1762408212.624837 sending message 112 to peer 0x556d46090680 (11 bytes)
1762408212.624842 sending message 112 to peer 0x556d46090680 (12 bytes)
1762408212.624846 sending message 112 to peer 0x556d46090680 (13 bytes)
1762408212.624851 sending message 112 to peer 0x556d46090680 (13 bytes)
1762408212.624856 sending message 112 to peer 0x556d46090680 (13 bytes)
1762408212.624861 sending message 112 to peer 0x556d46090680 (13 bytes)
1762408212.624866 sending message 112 to peer 0x556d46090680 (13 bytes)
1762408212.624871 sending message 112 to peer 0x556d46090680 (11 bytes)
1762408212.624876 sending message 112 to peer 0x556d46090680 (12 bytes)
1762408212.624881 sending message 112 to peer 0x556d46090680 (12 bytes)
1762408212.624886 sending message 112 to peer 0x556d46090680 (12 bytes)
1762408212.624891 sending message 112 to peer 0x556d46090680 (12 bytes)
1762408212.624896 sending message 112 to peer 0x556d46090680 (12 bytes)
1762408212.624901 sending message 112 to peer 0x556d46090680 (21 bytes)
1762408212.624906 sending message 112 to peer 0x556d46090680 (12 bytes)
1762408212.624911 sending message 112 to peer 0x556d46090680 (9 bytes)
1762408212.624916 sending message 112 to peer 0x556d46090680 (6 bytes)
1762408212.624921 sending message 112 to peer 0x556d46090680 (13 bytes)
1762408212.624926 sending message 112 to peer 0x556d46090680 (10 bytes)
1762408212.624932 sending message 112 to peer 0x556d46090680 (24 bytes)
1762408212.624936 sending message 112 to peer 0x556d46090680 (13 bytes)
1762408212.624942 sending message 112 to peer 0x556d46090680 (9 bytes)
1762408212.624946 sending message 112 to peer 0x556d46090680 (70 bytes)
1762408212.624952 sending message 112 to peer 0x556d46090680 (69 bytes)
1762408212.624957 sending message 112 to peer 0x556d46090680 (12 bytes)
1762408212.624962 sending message 112 to peer 0x556d46090680 (10 bytes)
1762408212.624967 sending message 112 to peer 0x556d46090680 (10 bytes)
1762408212.624972 sending message 112 to peer 0x556d46090680 (24 bytes)
1762408212.624977 sending message 112 to peer 0x556d46090680 (13 bytes)
1762408212.624982 sending message 112 to peer 0x556d46090680 (10 bytes)
1762408212.624987 sending message 112 to peer 0x556d46090680 (10 bytes)
1762408212.624992 sending message 112 to peer 0x556d46090680 (10 bytes)
1762408212.624997 sending message 112 to peer 0x556d46090680 (13 bytes)
1762408212.625002 sending message 112 to peer 0x556d46090680 (15 bytes)
1762408212.625007 sending message 112 to peer 0x556d46090680 (5 bytes)
1762408212.625013 sending message 104 to peer 0x556d46090680 (0 bytes)
1762408212.625018 sending message 110 to peer 0x556d46090680 (0 bytes)
1762408212.625022 sending message 107 to peer 0x556d46090680 (4 bytes)
1762408212.625028 sending message 105 to peer 0x556d46090680 (20 bytes)
1762408212.625033 sending message 105 to peer 0x556d46090680 (14 bytes)
1762408212.625038 sending message 105 to peer 0x556d46090680 (54 bytes)
1762408212.625043 sending message 105 to peer 0x556d46090680 (40 bytes)
1762408212.625048 sending message 105 to peer 0x556d46090680 (55 bytes)
1762408212.625053 sending message 105 to peer 0x556d46090680 (22 bytes)
1762408212.625058 sending message 105 to peer 0x556d46090680 (11 bytes)
1762408212.625063 sending message 105 to peer 0x556d46090680 (21 bytes)
1762408212.625068 sending message 105 to peer 0x556d46090680 (23 bytes)
1762408212.625079 sending message 105 to peer 0x556d46090680 (17 bytes)
1762408212.625086 sending message 105 to peer 0x556d46090680 (21 bytes)
1762408212.625091 sending message 105 to peer 0x556d46090680 (23 bytes)
1762408212.625096 sending message 105 to peer 0x556d46090680 (19 bytes)
1762408212.625101 sending message 105 to peer 0x556d46090680 (23 bytes)
1762408212.625106 sending message 105 to peer 0x556d46090680 (15 bytes)
1762408212.625111 sending message 105 to peer 0x556d46090680 (18 bytes)
1762408212.625116 sending message 105 to peer 0x556d46090680 (16 bytes)
1762408212.625121 sending message 105 to peer 0x556d46090680 (47 bytes)
1762408212.625127 sending message 105 to peer 0x556d46090680 (23 bytes)
1762408212.625131 sending message 105 to peer 0x556d46090680 (17 bytes)
1762408212.625137 sending message 105 to peer 0x556d46090680 (35 bytes)
1762408212.625142 sending message 105 to peer 0x556d46090680 (15 bytes)
1762408212.625146 sending message 105 to peer 0x556d46090680 (28 bytes)
1762408212.625151 sending message 105 to peer 0x556d46090680 (17 bytes)
1762408212.625156 sending message 105 to peer 0x556d46090680 (145 bytes)
1762408212.625161 sending message 105 to peer 0x556d46090680 (51 bytes)
1762408212.625166 sending message 105 to peer 0x556d46090680 (73 bytes)
1762408212.625171 sending message 105 to peer 0x556d46090680 (20 bytes)
1762408212.625176 sending message 105 to peer 0x556d46090680 (236 bytes)
1762408212.625182 sending message 105 to peer 0x556d46090680 (48 bytes)
1762408212.625186 sending message 105 to peer 0x556d46090680 (20 bytes)
1762408212.625191 sending message 105 to peer 0x556d46090680 (32 bytes)
1762408212.625196 sending message 105 to peer 0x556d46090680 (18 bytes)
1762408212.625201 sending message 105 to peer 0x556d46090680 (35 bytes)
1762408212.625206 sending message 105 to peer 0x556d46090680 (80 bytes)
1762408212.625211 sending message 105 to peer 0x556d46090680 (19 bytes)
1762408212.625216 sending message 105 to peer 0x556d46090680 (8 bytes)
1762408212.625221 sending message 105 to peer 0x556d46090680 (41 bytes)
1762408212.625226 sending message 105 to peer 0x556d46090680 (26 bytes)
1762408212.625231 sending message 105 to peer 0x556d46090680 (23 bytes)
1762408212.625236 sending message 105 to peer 0x556d46090680 (20 bytes)
1762408212.625241 sending message 105 to peer 0x556d46090680 (12 bytes)
1762408212.625246 sending message 105 to peer 0x556d46090680 (16 bytes)
1762408212.625251 sending message 105 to peer 0x556d46090680 (17 bytes)
1762408212.625256 sending message 105 to peer 0x556d46090680 (26 bytes)
1762408212.625260 sending message 105 to peer 0x556d46090680 (54 bytes)
1762408212.625265 sending message 105 to peer 0x556d46090680 (26 bytes)
1762408212.625270 sending message 105 to peer 0x556d46090680 (123 bytes)
1762408212.625275 sending message 105 to peer 0x556d46090680 (23 bytes)
1762408212.625279 sending message 105 to peer 0x556d46090680 (31 bytes)
1762408212.625284 sending message 105 to peer 0x556d46090680 (23 bytes)
1762408212.625290 sending message 105 to peer 0x556d46090680 (26 bytes)
1762408212.625294 sending message 105 to peer 0x556d46090680 (25 bytes)
1762408212.625299 sending message 105 to peer 0x556d46090680 (20 bytes)
1762408212.625304 sending message 105 to peer 0x556d46090680 (1911 bytes)
1762408212.625317 sending message 105 to peer 0x556d46090680 (12 bytes)
1762408212.625321 sending message 105 to peer 0x556d46090680 (20 bytes)
1762408212.625327 sending message 105 to peer 0x556d46090680 (28 bytes)
1762408212.625331 sending message 105 to peer 0x556d46090680 (11 bytes)
1762408212.625337 sending message 105 to peer 0x556d46090680 (8 bytes)
1762408212.625342 sending message 105 to peer 0x556d46090680 (32 bytes)
1762408212.625347 sending message 105 to peer 0x556d46090680 (28 bytes)
1762408212.625352 sending message 105 to peer 0x556d46090680 (40 bytes)
1762408212.625357 sending message 105 to peer 0x556d46090680 (76 bytes)
1762408212.625362 sending message 105 to peer 0x556d46090680 (10 bytes)
1762408212.625367 sending message 105 to peer 0x556d46090680 (24 bytes)
1762408212.625375 sending message 105 to peer 0x556d46090680 (31 bytes)
1762408212.625381 sending message 105 to peer 0x556d46090680 (16 bytes)
1762408212.625386 sending message 105 to peer 0x556d46090680 (19 bytes)
1762408212.625391 sending message 105 to peer 0x556d46090680 (16 bytes)
1762408212.625395 sending message 106 to peer 0x556d46090680 (0 bytes)
1762408212.625427 sending message 200 to peer 0x556d46090680 (4 bytes)
1762408212.625433 client loop enter
1762408212.625444 client_signal: Child exited
1762408212.726789 peer 0x556d46090680 message 207
1762408212.726832 sending message 208 to peer 0x556d46090680 (0 bytes)
1762408215.068470 peer 0x556d46090680 message 203
1762408215.068485 sending message 205 to peer 0x556d46090680 (0 bytes)
1762408215.068750 peer 0x556d46090680 message 204
1762408215.068759 client loop exit
